1732450029.943200 client started (60338): version 3.5a, socket /private/tmp/tmux-501/default, protocol 8
1732450029.943237 on Darwin 24.1.0 Darwin Kernel Version 24.1.0: Thu Oct 10 21:00:32 PDT 2024; root:xnu-11215.41.3~2/RELEASE_ARM64_T6030
1732450029.943243 using libevent 2.1.12-stable select
1732450029.943248 using utf8proc 2.9.0
1732450029.943251 using ncurses 6.5 20240427
1732450029.943259 flags are 0x18010000
1732450029.943264 socket is /private/tmp/tmux-501/default
1732450029.943271 trying connect
1732450029.943303 add peer 0x130008000: 6 (0x0)
1732450029.944047 sending message 111 to peer 0x130008000 (8 bytes)
1732450029.944051 sending message 111 to peer 0x130008000 (8 bytes)
1732450029.944054 sending message 101 to peer 0x130008000 (12 bytes)
1732450029.944056 sending message 109 to peer 0x130008000 (4 bytes)
1732450029.944059 sending message 102 to peer 0x130008000 (13 bytes)
1732450029.944061 sending message 108 to peer 0x130008000 (30 bytes)
1732450029.944063 sending message 112 to peer 0x130008000 (70 bytes)
1732450029.944065 sending message 112 to peer 0x130008000 (5 bytes)
1732450029.944068 sending message 112 to peer 0x130008000 (6 bytes)
1732450029.944070 sending message 112 to peer 0x130008000 (6 bytes)
1732450029.944072 sending message 112 to peer 0x130008000 (10 bytes)
1732450029.944074 sending message 112 to peer 0x130008000 (13 bytes)
1732450029.944077 sending message 112 to peer 0x130008000 (14 bytes)
1732450029.944079 sending message 112 to peer 0x130008000 (19 bytes)
1732450029.944081 sending message 112 to peer 0x130008000 (11 bytes)
1732450029.944083 sending message 112 to peer 0x130008000 (10 bytes)
1732450029.944085 sending message 112 to peer 0x130008000 (15 bytes)
1732450029.944087 sending message 112 to peer 0x130008000 (21 bytes)
1732450029.944089 sending message 112 to peer 0x130008000 (13 bytes)
1732450029.944092 sending message 112 to peer 0x130008000 (7 bytes)
1732450029.944094 sending message 112 to peer 0x130008000 (13 bytes)
1732450029.944096 sending message 112 to peer 0x130008000 (7 bytes)
1732450029.944098 sending message 112 to peer 0x130008000 (13 bytes)
1732450029.944100 sending message 112 to peer 0x130008000 (9 bytes)
1732450029.944102 sending message 112 to peer 0x130008000 (21 bytes)
1732450029.944105 sending message 112 to peer 0x130008000 (13 bytes)
1732450029.944107 sending message 112 to peer 0x130008000 (9 bytes)
1732450029.944110 sending message 112 to peer 0x130008000 (16 bytes)
1732450029.944113 sending message 112 to peer 0x130008000 (13 bytes)
1732450029.944115 sending message 112 to peer 0x130008000 (9 bytes)
1732450029.944117 sending message 112 to peer 0x130008000 (9 bytes)
1732450029.944119 sending message 112 to peer 0x130008000 (12 bytes)
1732450029.944121 sending message 112 to peer 0x130008000 (8 bytes)
1732450029.944123 sending message 112 to peer 0x130008000 (13 bytes)
1732450029.944125 sending message 112 to peer 0x130008000 (7 bytes)
1732450029.944128 sending message 112 to peer 0x130008000 (7 bytes)
1732450029.944130 sending message 112 to peer 0x130008000 (9 bytes)
1732450029.944132 sending message 112 to peer 0x130008000 (6 bytes)
1732450029.944134 sending message 112 to peer 0x130008000 (9 bytes)
1732450029.944136 sending message 112 to peer 0x130008000 (15 bytes)
1732450029.944138 sending message 112 to peer 0x130008000 (13 bytes)
1732450029.944140 sending message 112 to peer 0x130008000 (12 bytes)
1732450029.944143 sending message 112 to peer 0x130008000 (8 bytes)
1732450029.944145 sending message 112 to peer 0x130008000 (14 bytes)
1732450029.944147 sending message 112 to peer 0x130008000 (9 bytes)
1732450029.944149 sending message 112 to peer 0x130008000 (10 bytes)
1732450029.944151 sending message 112 to peer 0x130008000 (10 bytes)
1732450029.944153 sending message 112 to peer 0x130008000 (10 bytes)
1732450029.944155 sending message 112 to peer 0x130008000 (10 bytes)
1732450029.944157 sending message 112 to peer 0x130008000 (11 bytes)
1732450029.944160 sending message 112 to peer 0x130008000 (12 bytes)
1732450029.944163 sending message 112 to peer 0x130008000 (12 bytes)
1732450029.944172 sending message 112 to peer 0x130008000 (12 bytes)
1732450029.944173 sending message 112 to peer 0x130008000 (12 bytes)
1732450029.944175 sending message 112 to peer 0x130008000 (12 bytes)
1732450029.944177 sending message 112 to peer 0x130008000 (11 bytes)
1732450029.944178 sending message 112 to peer 0x130008000 (11 bytes)
1732450029.944180 sending message 112 to peer 0x130008000 (12 bytes)
1732450029.944181 sending message 112 to peer 0x130008000 (12 bytes)
1732450029.944183 sending message 112 to peer 0x130008000 (12 bytes)
1732450029.944184 sending message 112 to peer 0x130008000 (12 bytes)
1732450029.944186 sending message 112 to peer 0x130008000 (12 bytes)
1732450029.944188 sending message 112 to peer 0x130008000 (9 bytes)
1732450029.944189 sending message 112 to peer 0x130008000 (12 bytes)
1732450029.944191 sending message 112 to peer 0x130008000 (13 bytes)
1732450029.944192 sending message 112 to peer 0x130008000 (13 bytes)
1732450029.944194 sending message 112 to peer 0x130008000 (13 bytes)
1732450029.944195 sending message 112 to peer 0x130008000 (13 bytes)
1732450029.944197 sending message 112 to peer 0x130008000 (13 bytes)
1732450029.944199 sending message 112 to peer 0x130008000 (8 bytes)
1732450029.944200 sending message 112 to peer 0x130008000 (11 bytes)
1732450029.944202 sending message 112 to peer 0x130008000 (11 bytes)
1732450029.944203 sending message 112 to peer 0x130008000 (11 bytes)
1732450029.944205 sending message 112 to peer 0x130008000 (12 bytes)
1732450029.944206 sending message 112 to peer 0x130008000 (12 bytes)
1732450029.944208 sending message 112 to peer 0x130008000 (13 bytes)
1732450029.944210 sending message 112 to peer 0x130008000 (12 bytes)
1732450029.944211 sending message 112 to peer 0x130008000 (13 bytes)
1732450029.944213 sending message 112 to peer 0x130008000 (13 bytes)
1732450029.944214 sending message 112 to peer 0x130008000 (13 bytes)
1732450029.944216 sending message 112 to peer 0x130008000 (8 bytes)
1732450029.944217 sending message 112 to peer 0x130008000 (13 bytes)
1732450029.944219 sending message 112 to peer 0x130008000 (13 bytes)
1732450029.944220 sending message 112 to peer 0x130008000 (13 bytes)
1732450029.944222 sending message 112 to peer 0x130008000 (13 bytes)
1732450029.944223 sending message 112 to peer 0x130008000 (13 bytes)
1732450029.944225 sending message 112 to peer 0x130008000 (12 bytes)
1732450029.944226 sending message 112 to peer 0x130008000 (12 bytes)
1732450029.944228 sending message 112 to peer 0x130008000 (13 bytes)
1732450029.944229 sending message 112 to peer 0x130008000 (12 bytes)
1732450029.944231 sending message 112 to peer 0x130008000 (13 bytes)
1732450029.944233 sending message 112 to peer 0x130008000 (8 bytes)
1732450029.944234 sending message 112 to peer 0x130008000 (13 bytes)
1732450029.944236 sending message 112 to peer 0x130008000 (13 bytes)
1732450029.944237 sending message 112 to peer 0x130008000 (13 bytes)
1732450029.944239 sending message 112 to peer 0x130008000 (13 bytes)
1732450029.944240 sending message 112 to peer 0x130008000 (13 bytes)
1732450029.944242 sending message 112 to peer 0x130008000 (13 bytes)
1732450029.944243 sending message 112 to peer 0x130008000 (13 bytes)
1732450029.944245 sending message 112 to peer 0x130008000 (12 bytes)
1732450029.944246 sending message 112 to peer 0x130008000 (12 bytes)
1732450029.944248 sending message 112 to peer 0x130008000 (13 bytes)
1732450029.944249 sending message 112 to peer 0x130008000 (8 bytes)
1732450029.944251 sending message 112 to peer 0x130008000 (12 bytes)
1732450029.944252 sending message 112 to peer 0x130008000 (13 bytes)
1732450029.944254 sending message 112 to peer 0x130008000 (13 bytes)
1732450029.944255 sending message 112 to peer 0x130008000 (13 bytes)
1732450029.944257 sending message 112 to peer 0x130008000 (13 bytes)
1732450029.944258 sending message 112 to peer 0x130008000 (13 bytes)
1732450029.944260 sending message 112 to peer 0x130008000 (13 bytes)
1732450029.944261 sending message 112 to peer 0x130008000 (13 bytes)
1732450029.944263 sending message 112 to peer 0x130008000 (13 bytes)
1732450029.944268 sending message 112 to peer 0x130008000 (12 bytes)
1732450029.944270 sending message 112 to peer 0x130008000 (10 bytes)
1732450029.944272 sending message 112 to peer 0x130008000 (12 bytes)
1732450029.944274 sending message 112 to peer 0x130008000 (13 bytes)
1732450029.944276 sending message 112 to peer 0x130008000 (12 bytes)
1732450029.944278 sending message 112 to peer 0x130008000 (13 bytes)
1732450029.944280 sending message 112 to peer 0x130008000 (13 bytes)
1732450029.944282 sending message 112 to peer 0x130008000 (13 bytes)
1732450029.944284 sending message 112 to peer 0x130008000 (13 bytes)
1732450029.944286 sending message 112 to peer 0x130008000 (13 bytes)
1732450029.944288 sending message 112 to peer 0x130008000 (13 bytes)
1732450029.944290 sending message 112 to peer 0x130008000 (13 bytes)
1732450029.944292 sending message 112 to peer 0x130008000 (10 bytes)
1732450029.944294 sending message 112 to peer 0x130008000 (13 bytes)
1732450029.944297 sending message 112 to peer 0x130008000 (12 bytes)
1732450029.944298 sending message 112 to peer 0x130008000 (12 bytes)
1732450029.944300 sending message 112 to peer 0x130008000 (13 bytes)
1732450029.944302 sending message 112 to peer 0x130008000 (10 bytes)
1732450029.944303 sending message 112 to peer 0x130008000 (10 bytes)
1732450029.944305 sending message 112 to peer 0x130008000 (10 bytes)
1732450029.944307 sending message 112 to peer 0x130008000 (12 bytes)
1732450029.944308 sending message 112 to peer 0x130008000 (13 bytes)
1732450029.944310 sending message 112 to peer 0x130008000 (13 bytes)
1732450029.944312 sending message 112 to peer 0x130008000 (13 bytes)
1732450029.944314 sending message 112 to peer 0x130008000 (13 bytes)
1732450029.944317 sending message 112 to peer 0x130008000 (13 bytes)
1732450029.944319 sending message 112 to peer 0x130008000 (10 bytes)
1732450029.944321 sending message 112 to peer 0x130008000 (11 bytes)
1732450029.944323 sending message 112 to peer 0x130008000 (12 bytes)
1732450029.944325 sending message 112 to peer 0x130008000 (12 bytes)
1732450029.944327 sending message 112 to peer 0x130008000 (12 bytes)
1732450029.944329 sending message 112 to peer 0x130008000 (12 bytes)
1732450029.944331 sending message 112 to peer 0x130008000 (12 bytes)
1732450029.944333 sending message 112 to peer 0x130008000 (11 bytes)
1732450029.944335 sending message 112 to peer 0x130008000 (12 bytes)
1732450029.944338 sending message 112 to peer 0x130008000 (12 bytes)
1732450029.944340 sending message 112 to peer 0x130008000 (13 bytes)
1732450029.944342 sending message 112 to peer 0x130008000 (13 bytes)
1732450029.944344 sending message 112 to peer 0x130008000 (13 bytes)
1732450029.944346 sending message 112 to peer 0x130008000 (13 bytes)
1732450029.944348 sending message 112 to peer 0x130008000 (13 bytes)
1732450029.944350 sending message 112 to peer 0x130008000 (10 bytes)
1732450029.944352 sending message 112 to peer 0x130008000 (9 bytes)
1732450029.944355 sending message 112 to peer 0x130008000 (12 bytes)
1732450029.944357 sending message 112 to peer 0x130008000 (13 bytes)
1732450029.944359 sending message 112 to peer 0x130008000 (13 bytes)
1732450029.944361 sending message 112 to peer 0x130008000 (13 bytes)
1732450029.944363 sending message 112 to peer 0x130008000 (13 bytes)
1732450029.944365 sending message 112 to peer 0x130008000 (13 bytes)
1732450029.944368 sending message 112 to peer 0x130008000 (9 bytes)
1732450029.944370 sending message 112 to peer 0x130008000 (12 bytes)
1732450029.944372 sending message 112 to peer 0x130008000 (13 bytes)
1732450029.944374 sending message 112 to peer 0x130008000 (13 bytes)
1732450029.944376 sending message 112 to peer 0x130008000 (13 bytes)
1732450029.944378 sending message 112 to peer 0x130008000 (13 bytes)
1732450029.944380 sending message 112 to peer 0x130008000 (13 bytes)
1732450029.944382 sending message 112 to peer 0x130008000 (11 bytes)
1732450029.944384 sending message 112 to peer 0x130008000 (12 bytes)
1732450029.944386 sending message 112 to peer 0x130008000 (13 bytes)
1732450029.944391 sending message 112 to peer 0x130008000 (13 bytes)
1732450029.944392 sending message 112 to peer 0x130008000 (13 bytes)
1732450029.944394 sending message 112 to peer 0x130008000 (13 bytes)
1732450029.944396 sending message 112 to peer 0x130008000 (13 bytes)
1732450029.944397 sending message 112 to peer 0x130008000 (11 bytes)
1732450029.944399 sending message 112 to peer 0x130008000 (12 bytes)
1732450029.944400 sending message 112 to peer 0x130008000 (12 bytes)
1732450029.944402 sending message 112 to peer 0x130008000 (12 bytes)
1732450029.944403 sending message 112 to peer 0x130008000 (12 bytes)
1732450029.944405 sending message 112 to peer 0x130008000 (12 bytes)
1732450029.944406 sending message 112 to peer 0x130008000 (22 bytes)
1732450029.944408 sending message 112 to peer 0x130008000 (12 bytes)
1732450029.944410 sending message 112 to peer 0x130008000 (9 bytes)
1732450029.944412 sending message 112 to peer 0x130008000 (6 bytes)
1732450029.944415 sending message 112 to peer 0x130008000 (13 bytes)
1732450029.944417 sending message 112 to peer 0x130008000 (10 bytes)
1732450029.944419 sending message 112 to peer 0x130008000 (15 bytes)
1732450029.944421 sending message 112 to peer 0x130008000 (11 bytes)
1732450029.944423 sending message 112 to peer 0x130008000 (9 bytes)
1732450029.944425 sending message 112 to peer 0x130008000 (70 bytes)
1732450029.944427 sending message 112 to peer 0x130008000 (69 bytes)
1732450029.944429 sending message 112 to peer 0x130008000 (34 bytes)
1732450029.944431 sending message 112 to peer 0x130008000 (34 bytes)
1732450029.944434 sending message 112 to peer 0x130008000 (69 bytes)
1732450029.944436 sending message 112 to peer 0x130008000 (12 bytes)
1732450029.944438 sending message 112 to peer 0x130008000 (10 bytes)
1732450029.944440 sending message 112 to peer 0x130008000 (10 bytes)
1732450029.944442 sending message 112 to peer 0x130008000 (15 bytes)
1732450029.944444 sending message 112 to peer 0x130008000 (11 bytes)
1732450029.944446 sending message 112 to peer 0x130008000 (10 bytes)
1732450029.944448 sending message 112 to peer 0x130008000 (10 bytes)
1732450029.944450 sending message 112 to peer 0x130008000 (17 bytes)
1732450029.944451 sending message 112 to peer 0x130008000 (10 bytes)
1732450029.944453 sending message 112 to peer 0x130008000 (13 bytes)
1732450029.944455 sending message 112 to peer 0x130008000 (17 bytes)
1732450029.944456 sending message 112 to peer 0x130008000 (5 bytes)
1732450029.944458 sending message 112 to peer 0x130008000 (9 bytes)
1732450029.944459 sending message 112 to peer 0x130008000 (15 bytes)
1732450029.944461 sending message 104 to peer 0x130008000 (0 bytes)
1732450029.944463 sending message 110 to peer 0x130008000 (0 bytes)
1732450029.944465 sending message 107 to peer 0x130008000 (4 bytes)
1732450029.944466 sending message 105 to peer 0x130008000 (22 bytes)
1732450029.944468 sending message 105 to peer 0x130008000 (15 bytes)
1732450029.944469 sending message 105 to peer 0x130008000 (19 bytes)
1732450029.944471 sending message 105 to peer 0x130008000 (66 bytes)
1732450029.944473 sending message 105 to peer 0x130008000 (18 bytes)
1732450029.944474 sending message 105 to peer 0x130008000 (15 bytes)
1732450029.944476 sending message 105 to peer 0x130008000 (22 bytes)
1732450029.944477 sending message 105 to peer 0x130008000 (42 bytes)
1732450029.944479 sending message 105 to peer 0x130008000 (20 bytes)
1732450029.944480 sending message 105 to peer 0x130008000 (72 bytes)
1732450029.944482 sending message 105 to peer 0x130008000 (57 bytes)
1732450029.944483 sending message 105 to peer 0x130008000 (60 bytes)
1732450029.944485 sending message 105 to peer 0x130008000 (38 bytes)
1732450029.944487 sending message 105 to peer 0x130008000 (18 bytes)
1732450029.944488 sending message 105 to peer 0x130008000 (15 bytes)
1732450029.944490 sending message 105 to peer 0x130008000 (14 bytes)
1732450029.944492 sending message 105 to peer 0x130008000 (17 bytes)
1732450029.944494 sending message 105 to peer 0x130008000 (14 bytes)
1732450029.944501 sending message 105 to peer 0x130008000 (17 bytes)
1732450029.944503 sending message 105 to peer 0x130008000 (34 bytes)
1732450029.944505 sending message 105 to peer 0x130008000 (24 bytes)
1732450029.944507 sending message 105 to peer 0x130008000 (429 bytes)
1732450029.944510 sending message 105 to peer 0x130008000 (54 bytes)
1732450029.944512 sending message 105 to peer 0x130008000 (67 bytes)
1732450029.944514 sending message 105 to peer 0x130008000 (8 bytes)
1732450029.944516 sending message 105 to peer 0x130008000 (37 bytes)
1732450029.944518 sending message 105 to peer 0x130008000 (30 bytes)
1732450029.944521 sending message 105 to peer 0x130008000 (37 bytes)
1732450029.944523 sending message 105 to peer 0x130008000 (34 bytes)
1732450029.944525 sending message 105 to peer 0x130008000 (35 bytes)
1732450029.944527 sending message 105 to peer 0x130008000 (10 bytes)
1732450029.944529 sending message 105 to peer 0x130008000 (26 bytes)
1732450029.944532 sending message 105 to peer 0x130008000 (30 bytes)
1732450029.944534 sending message 105 to peer 0x130008000 (16 bytes)
1732450029.944536 sending message 105 to peer 0x130008000 (57 bytes)
1732450029.944537 sending message 105 to peer 0x130008000 (66 bytes)
1732450029.944539 sending message 105 to peer 0x130008000 (12 bytes)
1732450029.944540 sending message 105 to peer 0x130008000 (22 bytes)
1732450029.944542 sending message 105 to peer 0x130008000 (25 bytes)
1732450029.944543 sending message 106 to peer 0x130008000 (0 bytes)
1732450029.944578 sending message 200 to peer 0x130008000 (4 bytes)
1732450029.944582 client loop enter
1732450029.946861 peer 0x130008000 message 207
1732450029.946868 sending message 208 to peer 0x130008000 (0 bytes)
1732450037.060716 peer 0x130008000 message 203
1732450037.060738 sending message 205 to peer 0x130008000 (0 bytes)
1732450037.061029 peer 0x130008000 message 204
1732450037.061039 client loop exit
